// Jest Snapshot v1, https://goo.gl/fbAQLP

exports[`Testimonials Should render correctly 1`] = `ShallowWrapper {}`;
